2026-05-22 17:32:26,943 [INFO] Diretório do projeto : C:\Users\gabri\OneDrive\Belgeler\GitHub\strava-performance-analytics
2026-05-22 17:32:26,944 [INFO] Banco de dados       : C:\Users\gabri\OneDrive\Belgeler\GitHub\strava-performance-analytics\data\strava.db
2026-05-22 17:32:26,997 [INFO] Banco de dados pronto em: C:\Users\gabri\OneDrive\Belgeler\GitHub\strava-performance-analytics\data\strava.db
2026-05-22 17:43:33,308 [INFO] Diretório do projeto : C:\Users\gabri\OneDrive\Belgeler\GitHub\strava-performance-analytics
2026-05-22 17:43:33,336 [INFO] Banco de dados       : C:\Users\gabri\OneDrive\Belgeler\GitHub\strava-performance-analytics\data\strava.db
2026-05-22 17:43:33,902 [INFO] Access Token renovado com sucesso.
2026-05-22 17:43:33,935 [INFO] Banco de dados pronto em: C:\Users\gabri\OneDrive\Belgeler\GitHub\strava-performance-analytics\data\strava.db
2026-05-22 17:43:34,522 [INFO] Atleta carregado: Gabriel Biroli
2026-05-22 17:43:34,525 [INFO] ============================================================
2026-05-22 17:43:34,525 [INFO] Extração iniciada | streams=False
2026-05-22 17:43:34,525 [INFO] ============================================================
2026-05-22 17:48:37,768 [INFO] Pág   1: 200 recebidas | 200 novas |   0 skip
2026-05-22 17:48:39,434 [WARNING] Rate limit — aguardando 60s...
2026-05-22 17:49:39,946 [WARNING] Rate limit — aguardando 60s...
2026-05-22 17:50:40,463 [WARNING] Rate limit — aguardando 60s...
2026-05-22 17:51:41,064 [WARNING] Rate limit — aguardando 60s...
2026-05-22 17:52:41,597 [WARNING] Rate limit — aguardando 60s...
2026-05-22 17:53:42,200 [WARNING] Rate limit — aguardando 60s...
2026-05-22 17:54:43,654 [WARNING] Rate limit — aguardando 60s...
2026-05-22 17:55:44,173 [WARNING] Rate limit — aguardando 60s...
2026-05-22 17:56:44,792 [WARNING] Rate limit — aguardando 60s...
2026-05-22 17:57:45,294 [WARNING] Rate limit — aguardando 60s...
2026-05-22 17:58:45,827 [WARNING] Rate limit — aguardando 60s...
2026-05-22 17:59:46,345 [WARNING] Rate limit — aguardando 60s...
2026-05-22 18:04:18,320 [INFO] Pág   2: 150 recebidas | 150 novas |   0 skip
2026-05-22 18:04:20,064 [WARNING] Rate limit — aguardando 60s...
2026-05-22 18:05:20,583 [WARNING] Rate limit — aguardando 60s...
2026-05-22 18:06:21,094 [WARNING] Rate limit — aguardando 60s...
2026-05-22 18:07:21,624 [WARNING] Rate limit — aguardando 60s...
2026-05-22 18:08:22,243 [WARNING] Rate limit — aguardando 60s...
2026-05-22 18:09:22,791 [WARNING] Rate limit — aguardando 60s...
